[2026/02/10 02:07:44   INFO]           [HytaleServer] Starting HytaleServer
[2026/02/10 02:07:44   INFO]           [HytaleServer] Loading config...
[2026/02/10 02:07:44   INFO]           [HytaleServer] Authentication mode: OFFLINE
[2026/02/10 02:07:44   INFO]      [ServerAuthManager] No server tokens configured. Use /auth login to authenticate, or provide tokens via CLI/environment.
[2026/02/10 02:07:44   INFO]      [ServerAuthManager] Server session ID: dfab5d89-24ea-42fa-b059-23cef7aad696
[2026/02/10 02:07:44   INFO]           [HytaleServer] Enabling Sentry
[2026/02/10 02:07:45   INFO]           [HytaleServer] Booting up HytaleServer - Version: 2026.01.28-87d03be09, Revision: 87d03be09c7f114f385971a3caa437033671b771
[2026/02/10 02:07:45   INFO]           [HytaleServer] Setup phase...
[2026/02/10 02:07:45   INFO]          [PluginManager] Loading pending core plugins!
[2026/02/10 02:07:45   INFO]          [PluginManager] - Hytale:ConsoleModule
[2026/02/10 02:07:45   INFO]          [PluginManager] - Hytale:PermissionsModule
[2026/02/10 02:07:45   INFO]          [PluginManager] - Hytale:UpdateModule
[2026/02/10 02:07:45   INFO]          [PluginManager] - Hytale:FlyCameraModule
[2026/02/10 02:07:45   INFO]          [PluginManager] - Hytale:AssetModule
[2026/02/10 02:07:45   INFO]          [PluginManager] - Hytale:CommonAssetModule
[2026/02/10 02:07:45   INFO]          [PluginManager] - Hytale:CosmeticsModule
[2026/02/10 02:07:45   INFO]          [PluginManager] - Hytale:ServerManager
[2026/02/10 02:07:45   INFO]          [PluginManager] - Hytale:I18nModule
[2026/02/10 02:07:45   INFO]          [PluginManager] - Hytale:ItemModule
[2026/02/10 02:07:45   INFO]          [PluginManager] - Hytale:BlockTypeModule
[2026/02/10 02:07:45   INFO]          [PluginManager] - Hytale:LegacyModule
[2026/02/10 02:07:45   INFO]          [PluginManager] - Hytale:BlockModule
[2026/02/10 02:07:45   INFO]          [PluginManager] - Hytale:BlockStateModule
[2026/02/10 02:07:45   INFO]          [PluginManager] - Hytale:CollisionModule
[2026/02/10 02:07:45   INFO]          [PluginManager] - Hytale:BlockSetModule
[2026/02/10 02:07:45   INFO]          [PluginManager] - Hytale:MigrationModule
[2026/02/10 02:07:45   INFO]          [PluginManager] - Hytale:BlockHealthModule
[2026/02/10 02:07:45   INFO]          [PluginManager] - Hytale:PrefabSpawnerModule
[2026/02/10 02:07:45   INFO]          [PluginManager] - Hytale:TimeModule
[2026/02/10 02:07:45   INFO]          [PluginManager] - Hytale:InteractionModule
[2026/02/10 02:07:45   INFO]          [PluginManager] - Hytale:EntityModule
[2026/02/10 02:07:45   INFO]          [PluginManager] - Hytale:EntityStatsModule
[2026/02/10 02:07:45   INFO]          [PluginManager] - Hytale:EntityUIModule
[2026/02/10 02:07:45   INFO]          [PluginManager] - Hytale:DamageModule
[2026/02/10 02:07:45   INFO]          [PluginManager] - Hytale:SplitVelocity
[2026/02/10 02:07:45   INFO]          [PluginManager] - Hytale:StaminaModule
[2026/02/10 02:07:45   INFO]          [PluginManager] - Hytale:DebugPlugin
[2026/02/10 02:07:45   INFO]          [PluginManager] - Hytale:ProjectileModule
[2026/02/10 02:07:45   INFO]          [PluginManager] - Hytale:ServerPlayerListModule
[2026/02/10 02:07:45   INFO]          [PluginManager] - Hytale:AccessControlModule
[2026/02/10 02:07:45   INFO]          [PluginManager] - Hytale:SingleplayerModule
[2026/02/10 02:07:45   INFO]          [PluginManager] - Hytale:Universe
[2026/02/10 02:07:45   INFO]          [PluginManager] - Hytale:ConnectedBlocksModule
[2026/02/10 02:07:45   INFO]          [PluginManager] Loading pending classpath plugins!
[2026/02/10 02:07:45   INFO]          [PluginManager] - Hytale:AssetEditor
[2026/02/10 02:07:45   INFO]          [PluginManager] - Hytale:BlockSpawner
[2026/02/10 02:07:45   INFO]          [PluginManager] - Hytale:BlockTick
[2026/02/10 02:07:45   INFO]          [PluginManager] - Hytale:BlockPhysics
[2026/02/10 02:07:45   INFO]          [PluginManager] - Hytale:BuilderTools
[2026/02/10 02:07:45   INFO]          [PluginManager] - Hytale:Crafting
[2026/02/10 02:07:45   INFO]          [PluginManager] - Hytale:CommandMacro
[2026/02/10 02:07:45   INFO]          [PluginManager] - Hytale:Instances
[2026/02/10 02:07:45   INFO]          [PluginManager] - Hytale:LANDiscovery
[2026/02/10 02:07:45   INFO]          [PluginManager] - Hytale:NPC
[2026/02/10 02:07:45   INFO]          [PluginManager] - Hytale:NPCObjectives
[2026/02/10 02:07:45   INFO]          [PluginManager] - Hytale:ObjectiveReputation
[2026/02/10 02:07:45   INFO]          [PluginManager] - Hytale:Objectives
[2026/02/10 02:07:45   INFO]          [PluginManager] - Hytale:ObjectiveShop
[2026/02/10 02:07:45   INFO]          [PluginManager] - Hytale:Path
[2026/02/10 02:07:45   INFO]          [PluginManager] - Hytale:Reputation
[2026/02/10 02:07:45   INFO]          [PluginManager] - Hytale:NPCReputation
[2026/02/10 02:07:45   INFO]          [PluginManager] - Hytale:Shop
[2026/02/10 02:07:45   INFO]          [PluginManager] - Hytale:ShopReputation
[2026/02/10 02:07:45   INFO]          [PluginManager] - Hytale:NPCShop
[2026/02/10 02:07:45   INFO]          [PluginManager] - Hytale:NPCEditor
[2026/02/10 02:07:45   INFO]          [PluginManager] - Hytale:Stash
[2026/02/10 02:07:45   INFO]          [PluginManager] - Hytale:TagSet
[2026/02/10 02:07:45   INFO]          [PluginManager] - Hytale:Teleport
[2026/02/10 02:07:45   INFO]          [PluginManager] - Hytale:Fluid
[2026/02/10 02:07:45   INFO]          [PluginManager] - Hytale:Weather
[2026/02/10 02:07:45   INFO]          [PluginManager] - Hytale:WorldGen
[2026/02/10 02:07:45   INFO]          [PluginManager] - Hytale:Farming
[2026/02/10 02:07:45   INFO]          [PluginManager] - Hytale:Camera
[2026/02/10 02:07:45   INFO]          [PluginManager] - Hytale:WorldLocationCondition
[2026/02/10 02:07:45   INFO]          [PluginManager] - Hytale:NPCCombatActionEvaluator
[2026/02/10 02:07:45   INFO]          [PluginManager] - Hytale:Model
[2026/02/10 02:07:45   INFO]          [PluginManager] - Hytale:Mantling
[2026/02/10 02:07:45   INFO]          [PluginManager] - Hytale:SafetyRoll
[2026/02/10 02:07:45   INFO]          [PluginManager] - Hytale:SprintForce
[2026/02/10 02:07:45   INFO]          [PluginManager] - Hytale:CrouchSlide
[2026/02/10 02:07:45   INFO]          [PluginManager] - Hytale:Parkour
[2026/02/10 02:07:45   INFO]          [PluginManager] - Hytale:Mounts
[2026/02/10 02:07:45   INFO]          [PluginManager] - Hytale:HytaleGenerator
[2026/02/10 02:07:45   INFO]          [PluginManager] - Hytale:Teleporter
[2026/02/10 02:07:45   INFO]          [PluginManager] - Hytale:Memories
[2026/02/10 02:07:45   INFO]          [PluginManager] - Hytale:Deployables
[2026/02/10 02:07:45   INFO]          [PluginManager] - Hytale:Portals
[2026/02/10 02:07:45   INFO]          [PluginManager] - Hytale:Beds
[2026/02/10 02:07:45   INFO]          [PluginManager] - Hytale:Ambience
[2026/02/10 02:07:45   INFO]          [PluginManager] - Hytale:CreativeHub
[2026/02/10 02:07:45   INFO]          [PluginManager] Loading pending plugins from directory: mods
[2026/02/10 02:07:45   INFO]          [AssetModule|P] Asset monitor enabled!
[2026/02/10 02:07:45   WARN]          [AssetModule|P] Failed to load manifest for pack at ..\Assets.zip
java.nio.file.NoSuchFileException: ..\Assets.zip
	at jdk.zipfs/jdk.nio.zipfs.ZipFileSystem.<init>(ZipFileSystem.java:166)
	at jdk.zipfs/jdk.nio.zipfs.ZipFileSystemProvider.getZipFileSystem(ZipFileSystemProvider.java:125)
	at jdk.zipfs/jdk.nio.zipfs.ZipFileSystemProvider.newFileSystem(ZipFileSystemProvider.java:120)
	at java.base/java.nio.file.FileSystems.newFileSystem(FileSystems.java:528)
	at java.base/java.nio.file.FileSystems.newFileSystem(FileSystems.java:400)
	at com.hypixel.hytale.server.core.asset.AssetModule.loadPackManifest(AssetModule.java:219)
	at com.hypixel.hytale.server.core.asset.AssetModule.loadAndRegisterPack(AssetModule.java:279)
	at com.hypixel.hytale.server.core.asset.AssetModule.setup(AssetModule.java:87)
	at com.hypixel.hytale.server.core.plugin.PluginBase.setup0(PluginBase.java:389)
	at com.hypixel.hytale.server.core.plugin.PluginManager.setup(PluginManager.java:757)
	at com.hypixel.hytale.server.core.plugin.PluginManager.setup(PluginManager.java:236)
	at com.hypixel.hytale.server.core.HytaleServer.boot(HytaleServer.java:267)
	at com.hypixel.hytale.server.core.HytaleServer.<init>(HytaleServer.java:230)
	at com.hypixel.hytale.LateMain.lateMain(LateMain.java:54)
	at com.hypixel.hytale.Main.main(Main.java:43)

[2026/02/10 02:07:45   INFO]          [AssetModule|P] Loading packs from directory: mods
[2026/02/10 02:07:45   WARN]          [AssetModule|P] Skipping pack at Hytale_Shop: missing or invalid manifest.json
[2026/02/10 02:07:45   INFO]           [HytaleServer] Shutdown triggered!!!
[2026/02/10 02:07:45   INFO]           [HytaleServer] Shutting down... 7  'Failed to load any asset packs'
[2026/02/10 02:07:45   INFO]          [PluginManager] Saving plugins config...
[2026/02/10 02:07:45   INFO]           [HytaleServer] Saving config...
[2026/02/10 02:07:45   INFO]           [HytaleServer] Shutdown completed!
